Microchip MPLAB XC8 Compiler V2.05 ()

Linker command line:

-W-3 --edf=C:\Program Files (x86)\Microchip\xc8\v2.05\pic\dat\en_msgs.txt \
  -cs -h+dist/Offset_App/production\MCU_Heater.production.sym \
  --cmf=dist/Offset_App/production\MCU_Heater.production.cmf -z -Q16F18345 \
  -oC:\Users\User\AppData\Local\Temp\slco.2 --defsym=__MPLAB_BUILD=1 \
  -Mdist/Offset_App/production/MCU_Heater.production.map -E1 -ver=XC8 \
  --acfsm=1493 -ASTACK=02310h-023EFh -pstack=STACK -p_NVFlag_text=1FFFh \
  -ACODE=0400h-07FFh,0800h-0FFFhx3 -ASTRCODE=0400h-01FFFh \
  -ASTRING=0400h-04FFhx28 -ACONST=0400h-04FFhx28 -AENTRY=0400h-04FFhx28 \
  -ACOMMON=070h-07Fh -ABANK0=020h-06Fh -ABANK1=0A0h-0EFh \
  -ABANK2=0120h-016Fh -ABANK3=01A0h-01EFh -ABANK4=0220h-026Fh \
  -ABANK5=02A0h-02EFh -ABANK6=0320h-036Fh -ABANK7=03A0h-03EFh \
  -ABANK8=0420h-046Fh -ABANK9=04A0h-04EFh -ABANK10=0520h-056Fh \
  -ABANK11=05A0h-05EFh -ABANK12=0620h-064Fh -ABIGRAM=02000h-023EFh \
  -ARAM=020h-06Fh,0A0h-0EFh,0120h-016Fh,01A0h-01EFh,0220h-026Fh,02A0h-02EFh,0320h-036Fh,03A0h-03EFh,0420h-046Fh,04A0h-04EFh,0520h-056Fh,05A0h-05EFh,0620h-064Fh \
  -AABS1=020h-07Fh,0A0h-0EFh,0120h-016Fh,01A0h-01EFh,0220h-026Fh,02A0h-02EFh,0320h-036Fh,03A0h-03EFh,0420h-046Fh,04A0h-04EFh,0520h-056Fh,05A0h-05EFh,0620h-064Fh \
  -ASFR0=00h-01Fh -ASFR1=080h-09Fh -ASFR2=0100h-011Fh -ASFR3=0180h-019Fh \
  -ASFR4=0200h-021Fh -ASFR5=0280h-029Fh -ASFR6=0300h-031Fh \
  -ASFR7=0380h-039Fh -ASFR8=0400h-041Fh -ASFR9=0480h-049Fh \
  -ASFR10=0500h-051Fh -ASFR11=0580h-059Fh -ASFR12=0600h-061Fh \
  -ASFR13=0680h-06EFh -ASFR14=0700h-076Fh -ASFR15=0780h-07EFh \
  -ASFR16=0800h-086Fh -ASFR17=0880h-08EFh -ASFR18=0900h-096Fh \
  -ASFR19=0980h-09EFh -ASFR20=0A00h-0A6Fh -ASFR21=0A80h-0AEFh \
  -ASFR22=0B00h-0B6Fh -ASFR23=0B80h-0BEFh -ASFR24=0C00h-0C6Fh \
  -ASFR25=0C80h-0CEFh -ASFR26=0D00h-0D6Fh -ASFR27=0D80h-0DEFh \
  -ASFR28=0E00h-0E6Fh -ASFR29=0E80h-0EEFh -ASFR30=0F00h-0F6Fh \
  -ASFR31=0F80h-0FEFh -preset_vec=0400h,intentry=0404h,init,end_init \
  -ppowerup=CODE -pcinit=CODE -pfunctab=ENTRY -ACONFIG=08007h-0800Ah \
  -pconfig=CONFIG -DCONFIG=2 -AIDLOC=08000h-08003h -pidloc=IDLOC -DIDLOC=2 \
  -AEEDATA=00h-0FFh/0F000h -peeprom_data=EEDATA -DEEDATA=2 -DCODE=2 \
  -DSTRCODE=2 -DSTRING=2 -DCONST=2 -DENTRY=2 -k \
  C:\Users\User\AppData\Local\Temp\slco.o \
  dist/Offset_App/production\MCU_Heater.production.o 

Object code version is 3.11

Machine type is 16F18345



                Name                               Link     Load   Length Selector   Space Scale
C:\Users\User\AppData\Local\Temp\slco.o
                end_init                            441      441        2      808       0
                reset_vec                           400      400        2      800       0
                config                             8007     8007        4    1000E       0
dist/Offset_App/production\MCU_Heater.production.o
                cinit                               443      443       5E      808       0
                intentry                            404      404       3D      808       0
                text71                             1158     1158       18     22B0       0
                text70                             102C     102C        3     2058       0
                text69                              403      403        1      806       0
                text68                             1032     1032        4     2064       0
                text67                             1390     1390       34     2720       0
                text66                             1265     1265       20     24CA       0
                text65                             102F     102F        3     205E       0
                text64                             110A     110A       11     2214       0
                text63                             1228     1228       1E     2450       0
                text62                              69E      69E      161      808       0
                text61                              7FF      7FF        1      808       0
                text60                             10BD     10BD        B     217A       0
                text59                             111B     111B       14     2236       0
                text57                             1334     1334       2C     2668       0
                text56                             103A     103A        5     2074       0
                text55                              826      826       55     104C       0
                text54                             12E8     12E8       25     25D0       0
                text53                             1529     1529       4B     2A52       0
                text52                             1170     1170       19     22E0       0
                text51                             1189     1189       19     2312       0
                text50                             1616     1616       82     2C2C       0
                text49                             15C4     15C4       52     2B88       0
                text48                             1360     1360       30     26C0       0
                text47                             11EF     11EF       1C     23DE       0
                text46                             1744     1744       BC     2E88       0
                text45                              4A1      4A1      1FD      808       0
                text44                             14A5     14A5       3D     294A       0
                text43                             130D     130D       27     261A       0
                text42                             1285     1285       20     250A       0
                text41                             10C8     10C8        B     2190       0
                text40                             1246     1246       1F     248C       0
                text39                             10EC     10EC        F     21D8       0
                text38                              AF7      AF7       F7     15EE       0
                text37                              A18      A18       DF     1430       0
                text36                             11A2     11A2       19     2344       0
                text35                             103F     103F        6     207E       0
                text34                             13F9     13F9       37     27F2       0
                text33                              800      800       26     1000       0
                text32                             11BB     11BB       19     2376       0
                text31                             1574     1574       50     2AE8       0
                text30                              BEE      BEE      151     17DC       0
                text29                              947      947       D1     128E       0
                text28                             13C4     13C4       35     2788       0
                text27                             1143     1143       15     2286       0
                text26                              E96      E96      16A     1D2C       0
                text25                             12C6     12C6       22     258C       0
                text24                             10DE     10DE        E     21BC       0
                text23                             1430     1430       3A     2860       0
                text22                             10FB     10FB        F     21F6       0
                text21                              D3F      D3F      157     1A7E       0
                text20                             1698     1698       AC     2D30       0
                text19                             1061     1061        9     20C2       0
                text18                             106A     106A        9     20D4       0
                text17                             1073     1073        9     20E6       0
                text16                             107C     107C        9     20F8       0
                text15                             1085     1085        9     210A       0
                text14                             108E     108E        9     211C       0
                text13                             14E2     14E2       47     29C4       0
                text12                             120B     120B       1D     2416       0
                text11                             1097     1097        9     212E       0
                text10                             146A     146A       3B     28D4       0
                text9                              1051     1051        8     20A2       0
                text8                              10A9     10A9        A     2152       0
                text7                              10B3     10B3        A     2166       0
                text6                              10A0     10A0        9     2140       0
                text5                              112F     112F       14     225E       0
                text4                              1059     1059        8     20B2       0
                text3                              1036     1036        4     206C       0
                text2                              12A5     12A5       21     254A       0
                text1                               87B      87B       CC     10F6       0
                maintext                           11D4     11D4       1B     23A8       0
                cstackBANK0                          20       20       50       20       1
                cstackCOMMON                         77       77        7       70       1
                cstackBANK1                          A0       A0       2B       A0       1
                cstackBANK2                         120      120       42      120       1
                clrtext                            1045     1045        6     208A       0
                inittext                           104B     104B        6     2096       0
                bssBANK9                            4A0      4A0       40      4A0       1
                bssBANK8                            420      420       40      420       1
                bssBANK7                            3A0      3A0       40      3A0       1
                bssBANK6                            320      320       40      320       1
                bssBANK5                            2A0      2A0       50      2A0       1
                dataBANK4                           260      260        B      220       1
                bssBANK4                            220      220       40      220       1
                bssBANK3                            1A0      1A0       3F      1A0       1
                bssBANK2                            162      162        E      120       1
                bssBANK1                             CB       CB       25       A0       1
                bssCOMMON                            70       70        7       70       1
                stringtext2                        1822     1822       16     3000       0
                stringtext1                        1800     1800       22     3000       0
                nvBANK3                             1DF      1DF        D      1A0       1
                _NVFlag_text                       1FFF     1FFF        1     3FFE       0
                idataBANK4                         10D3     10D3        B     21A6       0

TOTAL           Name                               Link     Load   Length     Space
        CLASS   STACK          

        CLASS   CODE           
                end_init                            441      441        2         0
                cinit                               443      443       5E         0
                intentry                            404      404       3D         0
                reset_vec                           400      400        2         0
                text71                             1158     1158       18         0
                text70                             102C     102C        3         0
                text69                              403      403        1         0
                text68                             1032     1032        4         0
                text67                             1390     1390       34         0
                text66                             1265     1265       20         0
                text65                             102F     102F        3         0
                text64                             110A     110A       11         0
                text63                             1228     1228       1E         0
                text62                              69E      69E      161         0
                text61                              7FF      7FF        1         0
                text60                             10BD     10BD        B         0
                text59                             111B     111B       14         0
                text57                             1334     1334       2C         0
                text56                             103A     103A        5         0
                text55                              826      826       55         0
                text54                             12E8     12E8       25         0
                text53                             1529     1529       4B         0
                text52                             1170     1170       19         0
                text51                             1189     1189       19         0
                text50                             1616     1616       82         0
                text49                             15C4     15C4       52         0
                text48                             1360     1360       30         0
                text47                             11EF     11EF       1C         0
                text46                             1744     1744       BC         0
                text45                              4A1      4A1      1FD         0
                text44                             14A5     14A5       3D         0
                text43                             130D     130D       27         0
                text42                             1285     1285       20         0
                text41                             10C8     10C8        B         0
                text40                             1246     1246       1F         0
                text39                             10EC     10EC        F         0
                text38                              AF7      AF7       F7         0
                text37                              A18      A18       DF         0
                text36                             11A2     11A2       19         0
                text35                             103F     103F        6         0
                text34                             13F9     13F9       37         0
                text33                              800      800       26         0
                text32                             11BB     11BB       19         0
                text31                             1574     1574       50         0
                text30                              BEE      BEE      151         0
                text29                              947      947       D1         0
                text28                             13C4     13C4       35         0
                text27                             1143     1143       15         0
                text26                              E96      E96      16A         0
                text25                             12C6     12C6       22         0
                text24                             10DE     10DE        E         0
                text23                             1430     1430       3A         0
                text22                             10FB     10FB        F         0
                text21                              D3F      D3F      157         0
                text20                             1698     1698       AC         0
                text19                             1061     1061        9         0
                text18                             106A     106A        9         0
                text17                             1073     1073        9         0
                text16                             107C     107C        9         0
                text15                             1085     1085        9         0
                text14                             108E     108E        9         0
                text13                             14E2     14E2       47         0
                text12                             120B     120B       1D         0
                text11                             1097     1097        9         0
                text10                             146A     146A       3B         0
                text9                              1051     1051        8         0
                text8                              10A9     10A9        A         0
                text7                              10B3     10B3        A         0
                text6                              10A0     10A0        9         0
                text5                              112F     112F       14         0
                text4                              1059     1059        8         0
                text3                              1036     1036        4         0
                text2                              12A5     12A5       21         0
                text1                               87B      87B       CC         0
                maintext                           11D4     11D4       1B         0
                clrtext                            1045     1045        6         0
                inittext                           104B     104B        6         0
                idataBANK4                         10D3     10D3        B         0

        CLASS   STRCODE        
                stringtext2                        1822     1822       16         0
                stringtext1                        1800     1800       22         0
                _NVFlag_text                       1FFF     1FFF        1         0

        CLASS   STRING         

        CLASS   CONST          

        CLASS   ENTRY          

        CLASS   COMMON         
                cstackCOMMON                         77       77        7         1
                bssCOMMON                            70       70        7         1

        CLASS   BANK0          
                cstackBANK0                          20       20       50         1

        CLASS   BANK1          
                cstackBANK1                          A0       A0       2B         1
                bssBANK1                             CB       CB       25         1

        CLASS   BANK2          
                cstackBANK2                         120      120       42         1
                bssBANK2                            162      162        E         1

        CLASS   BANK3          
                bssBANK3                            1A0      1A0       3F         1
                nvBANK3                             1DF      1DF        D         1

        CLASS   BANK4          
                dataBANK4                           260      260        B         1
                bssBANK4                            220      220       40         1

        CLASS   BANK5          
                bssBANK5                            2A0      2A0       50         1

        CLASS   BANK6          
                bssBANK6                            320      320       40         1

        CLASS   BANK7          
                bssBANK7                            3A0      3A0       40         1

        CLASS   BANK8          
                bssBANK8                            420      420       40         1

        CLASS   BANK9          
                bssBANK9                            4A0      4A0       40         1

        CLASS   BANK10         

        CLASS   BANK11         

        CLASS   BANK12         

        CLASS   BIGRAM         

        CLASS   RAM            

        CLASS   ABS1           
                abs_s1                               7E       7E        2         1

        CLASS   SFR0           

        CLASS   SFR1           

        CLASS   SFR2           

        CLASS   SFR3           

        CLASS   SFR4           

        CLASS   SFR5           

        CLASS   SFR6           

        CLASS   SFR7           

        CLASS   SFR8           

        CLASS   SFR9           

        CLASS   SFR10          

        CLASS   SFR11          

        CLASS   SFR12          

        CLASS   SFR13          

        CLASS   SFR14          

        CLASS   SFR15          

        CLASS   SFR16          

        CLASS   SFR17          

        CLASS   SFR18          

        CLASS   SFR19          

        CLASS   SFR20          

        CLASS   SFR21          

        CLASS   SFR22          

        CLASS   SFR23          

        CLASS   SFR24          

        CLASS   SFR25          

        CLASS   SFR26          

        CLASS   SFR27          

        CLASS   SFR28          

        CLASS   SFR29          

        CLASS   SFR30          

        CLASS   SFR31          

        CLASS   CONFIG         
                config                             8007     8007        4         0

        CLASS   IDLOC          

        CLASS   EEDATA         

        CLASS   BANK31         

        CLASS   BANK30         

        CLASS   BANK29         

        CLASS   BANK28         

        CLASS   BANK27         

        CLASS   BANK26         

        CLASS   BANK25         

        CLASS   BANK24         

        CLASS   BANK23         

        CLASS   BANK22         

        CLASS   BANK21         

        CLASS   BANK20         

        CLASS   BANK19         

        CLASS   BANK18         

        CLASS   BANK17         

        CLASS   BANK16         

        CLASS   BANK15         

        CLASS   BANK14         

        CLASS   BANK13         



SEGMENTS        Name                           Load    Length   Top    Selector   Space  Class     Delta

                cstackBANK0                    000020  000050  000070        20       1  BANK0       1
                bssCOMMON                      000070  00000E  00007E        70       1  COMMON      1
                cstackBANK1                    0000A0  000050  0000F0        A0       1  BANK1       1
                cstackBANK2                    000120  000050  000170       120       1  BANK2       1
                bssBANK3                       0001A0  00004C  0001EC       1A0       1  BANK3       1
                bssBANK4                       000220  00004B  00026B       220       1  BANK4       1
                bssBANK5                       0002A0  000050  0002F0       2A0       1  BANK5       1
                bssBANK6                       000320  000040  000360       320       1  BANK6       1
                bssBANK7                       0003A0  000040  0003E0       3A0       1  BANK7       1
                bssBANK8                       000420  000040  000460       420       1  BANK8       1
                bssBANK9                       0004A0  000040  0004E0       4A0       1  BANK9       1
                reset_vec                      000400  000002  000402       800       0  CODE        2
                text69                         000403  000001  000404       806       0  CODE        2
                intentry                       000404  0003FC  000800       808       0  CODE        2
                text33                         000800  000026  000826      1000       0  CODE        2
                text55                         000826  000055  00087B      104C       0  CODE        2
                text1                          00087B  0000CC  000947      10F6       0  CODE        2
                text29                         000947  0000D1  000A18      128E       0  CODE        2
                text37                         000A18  0000DF  000AF7      1430       0  CODE        2
                text38                         000AF7  0000F7  000BEE      15EE       0  CODE        2
                text30                         000BEE  000151  000D3F      17DC       0  CODE        2
                text21                         000D3F  000157  000E96      1A7E       0  CODE        2
                text26                         000E96  00016A  001000      1D2C       0  CODE        2
                text70                         00102C  000003  00102F      2058       0  CODE        2
                text65                         00102F  000003  001032      205E       0  CODE        2
                text68                         001032  000004  001036      2064       0  CODE        2
                text3                          001036  000004  00103A      206C       0  CODE        2
                text56                         00103A  000005  00103F      2074       0  CODE        2
                text35                         00103F  000006  001045      207E       0  CODE        2
                clrtext                        001045  000006  00104B      208A       0  CODE        2
                inittext                       00104B  000006  001051      2096       0  CODE        2
                text9                          001051  000008  001059      20A2       0  CODE        2
                text4                          001059  000008  001061      20B2       0  CODE        2
                text19                         001061  000009  00106A      20C2       0  CODE        2
                text18                         00106A  000009  001073      20D4       0  CODE        2
                text17                         001073  000009  00107C      20E6       0  CODE        2
                text16                         00107C  000009  001085      20F8       0  CODE        2
                text15                         001085  000009  00108E      210A       0  CODE        2
                text14                         00108E  000009  001097      211C       0  CODE        2
                text11                         001097  000009  0010A0      212E       0  CODE        2
                text6                          0010A0  000009  0010A9      2140       0  CODE        2
                text8                          0010A9  00000A  0010B3      2152       0  CODE        2
                text7                          0010B3  00000A  0010BD      2166       0  CODE        2
                text60                         0010BD  00000B  0010C8      217A       0  CODE        2
                text41                         0010C8  00000B  0010D3      2190       0  CODE        2
                idataBANK4                     0010D3  00000B  0010DE      21A6       0  CODE        2
                text24                         0010DE  00000E  0010EC      21BC       0  CODE        2
                text39                         0010EC  00000F  0010FB      21D8       0  CODE        2
                text22                         0010FB  00000F  00110A      21F6       0  CODE        2
                text64                         00110A  000011  00111B      2214       0  CODE        2
                text59                         00111B  000014  00112F      2236       0  CODE        2
                text5                          00112F  000014  001143      225E       0  CODE        2
                text27                         001143  000015  001158      2286       0  CODE        2
                text71                         001158  000018  001170      22B0       0  CODE        2
                text52                         001170  000019  001189      22E0       0  CODE        2
                text51                         001189  000019  0011A2      2312       0  CODE        2
                text36                         0011A2  000019  0011BB      2344       0  CODE        2
                text32                         0011BB  000019  0011D4      2376       0  CODE        2
                maintext                       0011D4  00001B  0011EF      23A8       0  CODE        2
                text47                         0011EF  00001C  00120B      23DE       0  CODE        2
                text12                         00120B  00001D  001228      2416       0  CODE        2
                text63                         001228  00001E  001246      2450       0  CODE        2
                text40                         001246  00001F  001265      248C       0  CODE        2
                text66                         001265  000020  001285      24CA       0  CODE        2
                text42                         001285  000020  0012A5      250A       0  CODE        2
                text2                          0012A5  000021  0012C6      254A       0  CODE        2
                text25                         0012C6  000022  0012E8      258C       0  CODE        2
                text54                         0012E8  000025  00130D      25D0       0  CODE        2
                text43                         00130D  000027  001334      261A       0  CODE        2
                text57                         001334  00002C  001360      2668       0  CODE        2
                text48                         001360  000030  001390      26C0       0  CODE        2
                text67                         001390  000034  0013C4      2720       0  CODE        2
                text28                         0013C4  000035  0013F9      2788       0  CODE        2
                text34                         0013F9  000037  001430      27F2       0  CODE        2
                text23                         001430  00003A  00146A      2860       0  CODE        2
                text10                         00146A  00003B  0014A5      28D4       0  CODE        2
                text44                         0014A5  00003D  0014E2      294A       0  CODE        2
                text13                         0014E2  000047  001529      29C4       0  CODE        2
                text53                         001529  00004B  001574      2A52       0  CODE        2
                text31                         001574  000050  0015C4      2AE8       0  CODE        2
                text49                         0015C4  000052  001616      2B88       0  CODE        2
                text50                         001616  000082  001698      2C2C       0  CODE        2
                text20                         001698  0000AC  001744      2D30       0  CODE        2
                text46                         001744  0000BC  001800      2E88       0  CODE        2
                stringtext1                    001800  000038  001838      3000       0  STRCODE     2
                _NVFlag_text                   001FFF  000001  002000      3FFE       0  STRCODE     2
                config                         008007  000004  00800B     1000E       0  CONFIG      2


UNUSED ADDRESS RANGES

        Name                Unused          Largest block    Delta
        BANK10           00520-0056F              50           1
        BANK11           005A0-005EF              50           1
        BANK12           00620-0064F              30           1
        BANK3            001EC-001EF               4           1
        BANK4            0026B-0026F               5           1
        BANK6            00360-0036F              10           1
        BANK7            003E0-003EF              10           1
        BANK8            00460-0046F              10           1
        BANK9            004E0-004EF              10           1
        BIGRAM           02000-023EF             3F0           1
        CODE             00402-00402               1           2
                         01000-0102B              2C
                         01838-01FFE             7C7
        CONST            00402-00402               1           2
                         01000-0102B              2C
                         01838-01FFE             100
        EEDATA           0F000-0F0FF             100           2
        ENTRY            00402-00402               1           2
                         01000-0102B              2C
                         01838-01FFE             100
        IDLOC            08000-08003               4           2
        RAM              001EC-001EF               4           1
                         0026B-0026F               5
                         00360-0036F              10
                         003E0-003EF              10
                         00460-0046F              10
                         004E0-004EF              10
                         00520-0056F              50
                         005A0-005EF              50
                         00620-0064F              30
        SFR0             00000-0001F              20           1
        SFR1             00080-0009F              20           1
        SFR10            00500-0051F              20           1
        SFR11            00580-0059F              20           1
        SFR12            00600-0061F              20           1
        SFR13            00680-006EF              70           1
        SFR14            00700-0076F              70           1
        SFR15            00780-007EF              70           1
        SFR16            00800-0086F              70           1
        SFR17            00880-008EF              70           1
        SFR18            00900-0096F              70           1
        SFR19            00980-009EF              70           1
        SFR2             00100-0011F              20           1
        SFR20            00A00-00A6F              70           1
        SFR21            00A80-00AEF              70           1
        SFR22            00B00-00B6F              70           1
        SFR23            00B80-00BEF              70           1
        SFR24            00C00-00C6F              70           1
        SFR25            00C80-00CEF              70           1
        SFR26            00D00-00D6F              70           1
        SFR27            00D80-00DEF              70           1
        SFR28            00E00-00E6F              70           1
        SFR29            00E80-00EEF              70           1
        SFR3             00180-0019F              20           1
        SFR30            00F00-00F6F              70           1
        SFR31            00F80-00FEF              70           1
        SFR4             00200-0021F              20           1
        SFR5             00280-0029F              20           1
        SFR6             00300-0031F              20           1
        SFR7             00380-0039F              20           1
        SFR8             00400-0041F              20           1
        SFR9             00480-0049F              20           1
        STACK            02310-023EF              E0           1
        STRCODE          00402-00402               1           2
                         01000-0102B              2C
                         01838-01FFE             7C7
        STRING           00402-00402               1           2
                         01000-0102B              2C
                         01838-01FFE             100

                                  Symbol Table

?_ADC_GetConversion                            cstackBANK0  00020
?___aldiv                                      cstackBANK0  00020
?___aodiv                                      cstackBANK0  00020
?___aomod                                      cstackBANK0  00020
?___awdiv                                      cstackBANK0  00026
?___lmul                                       cstackBANK0  00020
?___wmul                                       cstackBANK0  00020
?_abs                                          cstackBANK0  00033
?_dtoa                                         cstackBANK0  0003C
?_pad                                          cstackBANK0  00033
?_printf                                       cstackBANK1  000A3
?_strlen                                       cstackBANK0  00020
?_vfpfcnvrt                                    cstackBANK0  0005A
?_vfprintf                                     cstackBANK0  0006A
ADC_GetConversion@channel                      cstackBANK0  00023
DATAEE_ReadByte@bAdd                           cstackBANK0  00020
DATAEE_WriteByte@GIEBitValue                   cstackBANK0  00023
DATAEE_WriteByte@bAdd                          cstackBANK0  00020
DATAEE_WriteByte@bData                         cstackBANK0  00022
EUSART_Read_N@rcv_Buff                         cstackBANK0  00021
EUSART_Read_N@readcnt                          cstackBANK0  00022
EUSART_SetErrorHandler@interruptHandler        cstackBANK0  00020
EUSART_SetFramingErrorHandler@interruptHandler cstackBANK0  00020
EUSART_SetOverrunErrorHandler@interruptHandler cstackBANK0  00020
EUSART_SetRxInterruptHandler@interruptHandler  cstackBANK0  00020
EUSART_SetTxInterruptHandler@interruptHandler  cstackBANK0  00020
EUSART_Write@txData                            cstackBANK0  00021
Handler_I2c@ReadBuffer                         cstackBANK0  0003B
Handler_I2c@Reg                                cstackBANK0  0003A
Handler_Uart@i                                 cstackBANK2  00161
Handler_Uart@rcv_Buff                          cstackBANK2  00120
Handler_Uart@rx_len                            cstackBANK2  00160
I2C1_ISR@i2c_10bit_address_restart             bssBANK1     000E9
I2C1_ISR@i2c_address                           bssCOMMON    00075
I2C1_ISR@i2c_bytes_left                        bssBANK1     000EA
I2C1_ISR@pi2c_buf_ptr                          bssBANK3     001C4
I2C1_MasterRead@trBlock                        bssBANK3     001D0
I2C1_MasterReadTRBBuild@address                cstackBANK0  00023
I2C1_MasterReadTRBBuild@length                 cstackBANK0  00022
I2C1_MasterReadTRBBuild@pdata                  cstackBANK0  00020
I2C1_MasterReadTRBBuild@ptrb                   cstackBANK0  00027
I2C1_MasterTRBInsert@count                     cstackBANK0  00024
I2C1_MasterTRBInsert@pflag                     cstackBANK0  00022
I2C1_MasterTRBInsert@ptrb_list                 cstackBANK0  00020
I2C1_MasterWrite@trBlock                       bssBANK3     001D5
I2C1_MasterWriteTRBBuild@address               cstackBANK0  00024
I2C1_MasterWriteTRBBuild@length                cstackBANK0  00023
I2C1_MasterWriteTRBBuild@pdata                 cstackBANK0  00022
I2C1_MasterWriteTRBBuild@ptrb                  cstackBANK0  00020
I2C1_RBlk@pData                                cstackBANK0  0002D
I2C1_RBlk@rCount                               cstackBANK0  0002F
I2C1_RBlk@readTRB                              bssBANK3     001C6
I2C1_RBlk@slaveDeviceAddress                   cstackBANK0  00028
I2C1_RBlk@status                               cstackBANK0  00034
I2C1_RBlk@timeOut                              cstackBANK0  00033
I2C1_RBlk@wCount                               cstackBANK0  0002B
I2C1_RBlk@wblk                                 cstackBANK0  0002A
I2C1_Stop@completion_code                      cstackCOMMON 00079
I2C1_WBlk@WriteTRB                             cstackBANK0  00030
I2C1_WBlk@nCount                               cstackBANK0  0002B
I2C1_WBlk@pData                                cstackBANK0  0002A
I2C1_WBlk@slaveDeviceAddress                   cstackBANK0  00028
I2C1_WBlk@status                               cstackBANK0  00035
I2C1_WBlk@timeOut                              cstackBANK0  0002F
PWM5_LoadDutyValue@dutyValue                   cstackBANK0  0002F
PWM6_LoadDutyValue@dutyValue                   cstackBANK0  0002F
TMR0_ISR@CountCallBack                         bssBANK3     001C2
TMR0_SetInterruptHandler@InterruptHandler      cstackBANK0  00020
UART_Write_Buffer@i                            cstackBANK0  00025
UART_Write_Buffer@sendBuff                     cstackBANK0  00024
UART_Write_Buffer@size                         cstackBANK0  00022
UartResponse_Err@sendBuff                      cstackBANK0  00028
UartResponse_ReadCmd@ADC_result                cstackBANK1  000C5
UartResponse_ReadCmd@i                         cstackBANK1  000B4
UartResponse_ReadCmd@reg                       cstackBANK1  000B3
UartResponse_ReadCmd@sendBuff                  cstackBANK1  000B5
UartResponse_ReadCmd@type                      cstackBANK1  000B2
UartResponse_WriteCmd@data                     cstackBANK1  000B1
UartResponse_WriteCmd@i                        cstackBANK1  000B3
UartResponse_WriteCmd@sendBuff                 cstackBANK1  000B5
UartResponse_WriteCmd@type                     cstackBANK1  000B4
UartResponse_WriteCmd@value                    cstackBANK1  000AC
_ADACT                                         (abs)        0009F
_ADCON0                                        (abs)        0009D
_ADCON0bits                                    (abs)        0009D
_ADCON1                                        (abs)        0009E
_ADC_GetConversion                             text40       01246
_ADC_Initialize                                text19       01061
_ADRESH                                        (abs)        0009C
_ADRESL                                        (abs)        0009B
_ANSELA                                        (abs)        0018C
_ANSELB                                        (abs)        0018D
_ANSELC                                        (abs)        0018E
_BAUD1CON                                      (abs)        0019F
_CurrentPWM1                                   bssBANK1     000DD
_CurrentPWM2                                   bssBANK1     000DC
_DATAEE_ReadByte                               text39       010EC
_DATAEE_WriteByte                              text25       012C6
_Default_PWM_Table                             dataBANK4    00260
_EUSART_DefaultErrorHandler                    text70       0102C
_EUSART_DefaultFramingErrorHandler             text69       00403
_EUSART_DefaultOverrunErrorHandler             text68       01032
_EUSART_ErrorHandler                           nvBANK3      001E1
_EUSART_FramingErrorHandler                    nvBANK3      001E5
_EUSART_Initialize                             text13       014E2
_EUSART_OverrunErrorHandler                    nvBANK3      001E3
_EUSART_Read_N                                 text44       014A5
_EUSART_Receive_ISR                            text67       01390
_EUSART_RxDataHandler                          text71       01158
_EUSART_RxDefaultInterruptHandler              nvBANK3      001E7
_EUSART_SetErrorHandler                        text18       0106A
_EUSART_SetFramingErrorHandler                 text17       01073
_EUSART_SetOverrunErrorHandler                 text16       0107C
_EUSART_SetRxInterruptHandler                  text15       01085
_EUSART_SetTxInterruptHandler                  text14       0108E
_EUSART_Transmit_ISR                           text66       01265
_EUSART_TxDefaultInterruptHandler              nvBANK3      001E9
_EUSART_Write                                  text43       0130D
_EraseResetVector                              text24       010DE
_Fan_PWM_Value                                 bssBANK1     000DA
_Handler_I2c                                   text45       004A1
_Handler_Uart                                  text20       01698
_I2C1_BusCollisionISR                          text65       0102F
_I2C1_FunctionComplete                         text64       0110A
_I2C1_ISR                                      text62       0069E
_I2C1_Initialize                               text12       0120B
_I2C1_MasterReadTRBBuild                       text57       01334
_I2C1_MasterTRBInsert                          text55       00826
_I2C1_MasterWriteTRBBuild                      text54       012E8
_I2C1_RBlk                                     text53       01529
_I2C1_Stop                                     text63       01228
_I2C1_WBlk                                     text23       01430
_I2C1_WaitForLastPacketToComplete              text56       0103A
_INLVLA                                        (abs)        0038C
_INLVLB                                        (abs)        0038D
_INLVLC                                        (abs)        0038E
_INTCONbits                                    (abs)        0000B
_INTERRUPT_InterruptManager                    intentry     00404
_LATA                                          (abs)        0010C
_LATB                                          (abs)        0010D
_LATC                                          (abs)        0010E
_NVFlag                                        _NVFlag_text 01FFF
_NVFlag_absaddr                                (abs)        01FFF
_NVMADRH                                       (abs)        00892
_NVMADRL                                       (abs)        00891
_NVMCON1                                       (abs)        00895
_NVMCON1bits                                   (abs)        00895
_NVMCON2                                       (abs)        00896
_NVMDATH                                       (abs)        00894
_NVMDATL                                       (abs)        00893
_ODCONA                                        (abs)        0028C
_ODCONB                                        (abs)        0028D
_ODCONC                                        (abs)        0028E
_OSCCON1                                       (abs)        00919
_OSCCON3                                       (abs)        0091B
_OSCEN                                         (abs)        0091D
_OSCFRQ                                        (abs)        0091F
_OSCILLATOR_Initialize                         text11       01097
_OSCTUNE                                       (abs)        0091E
_PIE0bits                                      (abs)        00090
_PIE1bits                                      (abs)        00091
_PIN_MANAGER_Initialize                        text10       0146A
_PIR0bits                                      (abs)        00010
_PIR1bits                                      (abs)        00011
_PMD0                                          (abs)        00911
_PMD1                                          (abs)        00912
_PMD2                                          (abs)        00913
_PMD3                                          (abs)        00914
_PMD4                                          (abs)        00915
_PMD5                                          (abs)        00916
_PMD_Initialize                                text9        01051
_PORTAbits                                     (abs)        0000C
_PORTCbits                                     (abs)        0000E
_PR2                                           (abs)        0001E
_PWM5CON                                       (abs)        00619
_PWM5DCH                                       (abs)        00618
_PWM5DCL                                       (abs)        00617
_PWM5_Initialize                               text8        010A9
_PWM5_LoadDutyValue                            text52       01170
_PWM6CON                                       (abs)        0061C
_PWM6DCH                                       (abs)        0061B
_PWM6DCL                                       (abs)        0061A
_PWM6_Initialize                               text7        010B3
_PWM6_LoadDutyValue                            text51       01189
_PWMTMRSbits                                   (abs)        0061F
_PWM_1                                         bssBANK1     000E3
_PWM_2                                         bssBANK1     000E2
_PWM_3                                         bssBANK1     000E1
_PWM_4                                         bssBANK1     000E0
_PWM_5                                         bssBANK1     000DF
_PWM_6                                         bssBANK1     000DE
_PWM_Table_Temp1                               bssBANK1     000E8
_PWM_Table_Temp2                               bssBANK1     000E7
_PWM_Table_Temp3                               bssBANK1     000E6
_PWM_Table_Temp4                               bssBANK1     000E5
_PWM_Table_Temp5                               bssBANK1     000E4
_RA4PPS                                        (abs)        00E94
_RA5PPS                                        (abs)        00E95
_RB7PPS                                        (abs)        00E9F
_RC1REG                                        (abs)        00199
_RC1STA                                        (abs)        0019D
_RC1STAbits                                    (abs)        0019D
_RC6PPS                                        (abs)        00EA6
_RC7PPS                                        (abs)        00EA7
_RXPPS                                         (abs)        00E24
_Read_SI7020_Temp                              bssBANK1     000D0
_SLRCONA                                       (abs)        0030C
_SLRCONB                                       (abs)        0030D
_SLRCONC                                       (abs)        0030E
_SP1BRGH                                       (abs)        0019C
_SP1BRGL                                       (abs)        0019B
_SSP1ADD                                       (abs)        00212
_SSP1BUF                                       (abs)        00211
_SSP1CLKPPS                                    (abs)        00E20
_SSP1CON1                                      (abs)        00215
_SSP1CON1bits                                  (abs)        00215
_SSP1CON2bits                                  (abs)        00216
_SSP1CON3                                      (abs)        00217
_SSP1DATPPS                                    (abs)        00E21
_SSP1STAT                                      (abs)        00214
_SYSTEM_Initialize                             text2        012A5
_Signal_BL_Requested                           text22       010FB
_T0CON0                                        (abs)        00017
_T0CON0bits                                    (abs)        00017
_T0CON1                                        (abs)        00018
_T2CON                                         (abs)        0001F
_T2CONbits                                     (abs)        0001F
_TMR0H                                         (abs)        00016
_TMR0L                                         (abs)        00015
_TMR0_CallBack                                 text60       010BD
_TMR0_DefaultInterruptHandler                  text61       007FF
_TMR0_ISR                                      text59       0111B
_TMR0_Initialize                               text5        0112F
_TMR0_InterruptHandler                         nvBANK3      001DF
_TMR0_SetInterruptHandler                      text6        010A0
_TMR2                                          (abs)        0001D
_TMR2_Initialize                               text4        01059
_TRISA                                         (abs)        0008C
_TRISB                                         (abs)        0008D
_TRISC                                         (abs)        0008E
_TX1REG                                        (abs)        0019A
_TX1STA                                        (abs)        0019E
_TX1STAbits                                    (abs)        0019E
_Temp_Heater1                                  bssCOMMON    00071
_Temp_Heater2                                  bssCOMMON    00070
_UART_Write_Buffer                             text42       01285
_UartResponse_Err                              text41       010C8
_UartResponse_ReadCmd                          text26       00E96
_UartResponse_WriteCmd                         text21       00D3F
_WDTCON                                        (abs)        00097
_WDT_Initialize                                text3        01036
_WPUA                                          (abs)        0020C
_WPUB                                          (abs)        0020D
_WPUC                                          (abs)        0020E
__CFG_BOREN$ON                                 (abs)        00000
__CFG_BORV$LOW                                 (abs)        00000
__CFG_CLKOUTEN$OFF                             (abs)        00000
__CFG_CP$OFF                                   (abs)        00000
__CFG_CPD$OFF                                  (abs)        00000
__CFG_CSWEN$ON                                 (abs)        00000
__CFG_DEBUG$OFF                                (abs)        00000
__CFG_FCMEN$ON                                 (abs)        00000
__CFG_FEXTOSC$OFF                              (abs)        00000
__CFG_LPBOREN$OFF                              (abs)        00000
__CFG_LVP$ON                                   (abs)        00000
__CFG_MCLRE$ON                                 (abs)        00000
__CFG_PPS1WAY$ON                               (abs)        00000
__CFG_PWRTE$OFF                                (abs)        00000
__CFG_RSTOSC$HFINT1                            (abs)        00000
__CFG_STVREN$ON                                (abs)        00000
__CFG_WDTE$OFF                                 (abs)        00000
__CFG_WRT$OFF                                  (abs)        00000
__H_NVFlag_text                                _NVFlag_text 02000
__Habs1                                        abs1         00000
__Hbank0                                       bank0        00000
__Hbank1                                       bank1        00000
__Hbank10                                      bank10       00000
__Hbank11                                      bank11       00000
__Hbank12                                      bank12       00000
__Hbank13                                      bank13       00000
__Hbank14                                      bank14       00000
__Hbank15                                      bank15       00000
__Hbank16                                      bank16       00000
__Hbank17                                      bank17       00000
__Hbank18                                      bank18       00000
__Hbank19                                      bank19       00000
__Hbank2                                       bank2        00000
__Hbank20                                      bank20       00000
__Hbank21                                      bank21       00000
__Hbank22                                      bank22       00000
__Hbank23                                      bank23       00000
__Hbank24                                      bank24       00000
__Hbank25                                      bank25       00000
__Hbank26                                      bank26       00000
__Hbank27                                      bank27       00000
__Hbank28                                      bank28       00000
__Hbank29                                      bank29       00000
__Hbank3                                       bank3        00000
__Hbank30                                      bank30       00000
__Hbank31                                      bank31       00000
__Hbank4                                       bank4        00000
__Hbank5                                       bank5        00000
__Hbank6                                       bank6        00000
__Hbank7                                       bank7        00000
__Hbank8                                       bank8        00000
__Hbank9                                       bank9        00000
__Hbigram                                      bigram       00000
__HbssBANK1                                    bssBANK1     00000
__HbssBANK2                                    bssBANK2     00000
__HbssBANK3                                    bssBANK3     00000
__HbssBANK4                                    bssBANK4     00000
__HbssBANK5                                    bssBANK5     00000
__HbssBANK6                                    bssBANK6     00000
__HbssBANK7                                    bssBANK7     00000
__HbssBANK8                                    bssBANK8     00000
__HbssBANK9                                    bssBANK9     00000
__HbssCOMMON                                   bssCOMMON    00000
__Hcinit                                       cinit        004A1
__Hclrtext                                     clrtext      00000
__Hcode                                        code         00000
__Hcommon                                      common       00000
__Hconfig                                      config       0800B
__HcstackBANK0                                 cstackBANK0  00000
__HcstackBANK1                                 cstackBANK1  00000
__HcstackBANK2                                 cstackBANK2  00000
__HcstackCOMMON                                cstackCOMMON 00000
__HdataBANK4                                   dataBANK4    00000
__Heeprom_data                                 eeprom_data  00000
__Hend_init                                    end_init     00443
__Hfunctab                                     functab      00000
__HidataBANK4                                  idataBANK4   00000
__Hidloc                                       idloc        00000
__Hinit                                        init         00441
__Hinittext                                    inittext     00000
__Hintentry                                    intentry     00441
__Hmaintext                                    maintext     00000
__HnvBANK3                                     nvBANK3      00000
__Hpowerup                                     powerup      00000
__Hram                                         ram          00000
__Hreset_vec                                   reset_vec    00402
__Hsfr0                                        sfr0         00000
__Hsfr1                                        sfr1         00000
__Hsfr10                                       sfr10        00000
__Hsfr11                                       sfr11        00000
__Hsfr12                                       sfr12        00000
__Hsfr13                                       sfr13        00000
__Hsfr14                                       sfr14        00000
__Hsfr15                                       sfr15        00000
__Hsfr16                                       sfr16        00000
__Hsfr17                                       sfr17        00000
__Hsfr18                                       sfr18        00000
__Hsfr19                                       sfr19        00000
__Hsfr2                                        sfr2         00000
__Hsfr20                                       sfr20        00000
__Hsfr21                                       sfr21        00000
__Hsfr22                                       sfr22        00000
__Hsfr23                                       sfr23        00000
__Hsfr24                                       sfr24        00000
__Hsfr25                                       sfr25        00000
__Hsfr26                                       sfr26        00000
__Hsfr27                                       sfr27        00000
__Hsfr28                                       sfr28        00000
__Hsfr29                                       sfr29        00000
__Hsfr3                                        sfr3         00000
__Hsfr30                                       sfr30        00000
__Hsfr31                                       sfr31        00000
__Hsfr4                                        sfr4         00000
__Hsfr5                                        sfr5         00000
__Hsfr6                                        sfr6         00000
__Hsfr7                                        sfr7         00000
__Hsfr8                                        sfr8         00000
__Hsfr9                                        sfr9         00000
__Hspace_0                                     (abs)        0800B
__Hspace_1                                     (abs)        004E0
__Hspace_2                                     (abs)        00000
__Hspace_3                                     (abs)        00000
__Hstack                                       stack        00000
__Hstrings                                     strings      00000
__Hstringtext1                                 stringtext1  00000
__Hstringtext2                                 stringtext2  00000
__Hstringtext3                                 stringtext3  00000
__Htext                                        text         00000
__L_NVFlag_text                                _NVFlag_text 01FFF
__Labs1                                        abs1         00000
__Lbank0                                       bank0        00000
__Lbank1                                       bank1        00000
__Lbank10                                      bank10       00000
__Lbank11                                      bank11       00000
__Lbank12                                      bank12       00000
__Lbank13                                      bank13       00000
__Lbank14                                      bank14       00000
__Lbank15                                      bank15       00000
__Lbank16                                      bank16       00000
__Lbank17                                      bank17       00000
__Lbank18                                      bank18       00000
__Lbank19                                      bank19       00000
__Lbank2                                       bank2        00000
__Lbank20                                      bank20       00000
__Lbank21                                      bank21       00000
__Lbank22                                      bank22       00000
__Lbank23                                      bank23       00000
__Lbank24                                      bank24       00000
__Lbank25                                      bank25       00000
__Lbank26                                      bank26       00000
__Lbank27                                      bank27       00000
__Lbank28                                      bank28       00000
__Lbank29                                      bank29       00000
__Lbank3                                       bank3        00000
__Lbank30                                      bank30       00000
__Lbank31                                      bank31       00000
__Lbank4                                       bank4        00000
__Lbank5                                       bank5        00000
__Lbank6                                       bank6        00000
__Lbank7                                       bank7        00000
__Lbank8                                       bank8        00000
__Lbank9                                       bank9        00000
__Lbigram                                      bigram       00000
__LbssBANK1                                    bssBANK1     00000
__LbssBANK2                                    bssBANK2     00000
__LbssBANK3                                    bssBANK3     00000
__LbssBANK4                                    bssBANK4     00000
__LbssBANK5                                    bssBANK5     00000
__LbssBANK6                                    bssBANK6     00000
__LbssBANK7                                    bssBANK7     00000
__LbssBANK8                                    bssBANK8     00000
__LbssBANK9                                    bssBANK9     00000
__LbssCOMMON                                   bssCOMMON    00000
__Lcinit                                       cinit        00443
__Lclrtext                                     clrtext      00000
__Lcode                                        code         00000
__Lcommon                                      common       00000
__Lconfig                                      config       08007
__LcstackBANK0                                 cstackBANK0  00000
__LcstackBANK1                                 cstackBANK1  00000
__LcstackBANK2                                 cstackBANK2  00000
__LcstackCOMMON                                cstackCOMMON 00000
__LdataBANK4                                   dataBANK4    00000
__Leeprom_data                                 eeprom_data  00000
__Lend_init                                    end_init     00441
__Lfunctab                                     functab      00000
__LidataBANK4                                  idataBANK4   00000
__Lidloc                                       idloc        00000
__Linit                                        init         00441
__Linittext                                    inittext     00000
__Lintentry                                    intentry     00404
__Lmaintext                                    maintext     00000
__LnvBANK3                                     nvBANK3      00000
__Lpowerup                                     powerup      00000
__Lram                                         ram          00000
__Lreset_vec                                   reset_vec    00400
__Lsfr0                                        sfr0         00000
__Lsfr1                                        sfr1         00000
__Lsfr10                                       sfr10        00000
__Lsfr11                                       sfr11        00000
__Lsfr12                                       sfr12        00000
__Lsfr13                                       sfr13        00000
__Lsfr14                                       sfr14        00000
__Lsfr15                                       sfr15        00000
__Lsfr16                                       sfr16        00000
__Lsfr17                                       sfr17        00000
__Lsfr18                                       sfr18        00000
__Lsfr19                                       sfr19        00000
__Lsfr2                                        sfr2         00000
__Lsfr20                                       sfr20        00000
__Lsfr21                                       sfr21        00000
__Lsfr22                                       sfr22        00000
__Lsfr23                                       sfr23        00000
__Lsfr24                                       sfr24        00000
__Lsfr25                                       sfr25        00000
__Lsfr26                                       sfr26        00000
__Lsfr27                                       sfr27        00000
__Lsfr28                                       sfr28        00000
__Lsfr29                                       sfr29        00000
__Lsfr3                                        sfr3         00000
__Lsfr30                                       sfr30        00000
__Lsfr31                                       sfr31        00000
__Lsfr4                                        sfr4         00000
__Lsfr5                                        sfr5         00000
__Lsfr6                                        sfr6         00000
__Lsfr7                                        sfr7         00000
__Lsfr8                                        sfr8         00000
__Lsfr9                                        sfr9         00000
__Lspace_0                                     (abs)        00000
__Lspace_1                                     (abs)        00000
__Lspace_2                                     (abs)        00000
__Lspace_3                                     (abs)        00000
__Lstack                                       stack        00000
__Lstrings                                     strings      00000
__Lstringtext1                                 stringtext1  00000
__Lstringtext2                                 stringtext2  00000
__Lstringtext3                                 stringtext3  00000
__Ltext                                        text         00000
__S0                                           (abs)        0800B
__S1                                           (abs)        004E0
__S2                                           (abs)        00000
__S3                                           (abs)        00000
___aldiv                                       text50       01616
___aldiv@counter                               cstackBANK0  00029
___aldiv@dividend                              cstackBANK0  00024
___aldiv@divisor                               cstackBANK0  00020
___aldiv@quotient                              cstackBANK0  0002B
___aldiv@sign                                  cstackBANK0  0002A
___aodiv                                       text38       00AF7
___aodiv@counter                               cstackBANK0  00031
___aodiv@dividend                              cstackBANK0  00028
___aodiv@divisor                               cstackBANK0  00020
___aodiv@quotient                              cstackBANK0  00033
___aodiv@sign                                  cstackBANK0  00032
___aomod                                       text37       00A18
___aomod@counter                               cstackBANK0  00031
___aomod@dividend                              cstackBANK0  00028
___aomod@divisor                               cstackBANK0  00020
___aomod@sign                                  cstackBANK0  00032
___awdiv                                       text49       015C4
___awdiv@counter                               cstackBANK0  0002B
___awdiv@dividend                              cstackBANK0  00028
___awdiv@divisor                               cstackBANK0  00026
___awdiv@quotient                              cstackBANK0  0002D
___awdiv@sign                                  cstackBANK0  0002C
___int_sp                                      stack        00000
___latbits                                     (abs)        00002
___lmul                                        text48       01360
___lmul@multiplicand                           cstackBANK0  00024
___lmul@multiplier                             cstackBANK0  00020
___lmul@product                                cstackBANK0  00028
___sp                                          stack        00000
___stackhi                                     (abs)        023EF
___stacklo                                     (abs)        02310
___wmul                                        text47       011EF
___wmul@multiplicand                           cstackBANK0  00022
___wmul@multiplier                             cstackBANK0  00020
___wmul@product                                cstackBANK0  00024
__end_of_ADC_GetConversion                     text40       01265
__end_of_ADC_Initialize                        text19       0106A
__end_of_DATAEE_ReadByte                       text39       010FB
__end_of_DATAEE_WriteByte                      text25       012E8
__end_of_EUSART_DefaultErrorHandler            text70       0102F
__end_of_EUSART_DefaultFramingErrorHandler     text69       00404
__end_of_EUSART_DefaultOverrunErrorHandler     text68       01036
__end_of_EUSART_Initialize                     text13       01529
__end_of_EUSART_Read_N                         text44       014E2
__end_of_EUSART_Receive_ISR                    text67       013C4
__end_of_EUSART_RxDataHandler                  text71       01170
__end_of_EUSART_SetErrorHandler                text18       01073
__end_of_EUSART_SetFramingErrorHandler         text17       0107C
__end_of_EUSART_SetOverrunErrorHandler         text16       01085
__end_of_EUSART_SetRxInterruptHandler          text15       0108E
__end_of_EUSART_SetTxInterruptHandler          text14       01097
__end_of_EUSART_Transmit_ISR                   text66       01285
__end_of_EUSART_Write                          text43       01334
__end_of_EraseResetVector                      text24       010EC
__end_of_Handler_I2c                           text45       0069E
__end_of_Handler_Uart                          text20       01744
__end_of_I2C1_BusCollisionISR                  text65       01032
__end_of_I2C1_FunctionComplete                 text64       0111B
__end_of_I2C1_ISR                              text62       007FF
__end_of_I2C1_Initialize                       text12       01228
__end_of_I2C1_MasterReadTRBBuild               text57       01360
__end_of_I2C1_MasterTRBInsert                  text55       0087B
__end_of_I2C1_MasterWriteTRBBuild              text54       0130D
__end_of_I2C1_RBlk                             text53       01574
__end_of_I2C1_Stop                             text63       01246
__end_of_I2C1_WBlk                             text23       0146A
__end_of_I2C1_WaitForLastPacketToComplete      text56       0103F
__end_of_INTERRUPT_InterruptManager            intentry     00441
__end_of_NVFlag                                _NVFlag_text 02000
__end_of_OSCILLATOR_Initialize                 text11       010A0
__end_of_PIN_MANAGER_Initialize                text10       014A5
__end_of_PMD_Initialize                        text9        01059
__end_of_PWM5_Initialize                       text8        010B3
__end_of_PWM5_LoadDutyValue                    text52       01189
__end_of_PWM6_Initialize                       text7        010BD
__end_of_PWM6_LoadDutyValue                    text51       011A2
__end_of_SYSTEM_Initialize                     text2        012C6
__end_of_Signal_BL_Requested                   text22       0110A
__end_of_TMR0_CallBack                         text60       010C8
__end_of_TMR0_DefaultInterruptHandler          text61       00800
__end_of_TMR0_ISR                              text59       0112F
__end_of_TMR0_Initialize                       text5        01143
__end_of_TMR0_SetInterruptHandler              text6        010A9
__end_of_TMR2_Initialize                       text4        01061
__end_of_UART_Write_Buffer                     text42       012A5
__end_of_UartResponse_Err                      text41       010D3
__end_of_UartResponse_ReadCmd                  text26       01000
__end_of_UartResponse_WriteCmd                 text21       00E96
__end_of_WDT_Initialize                        text3        0103A
__end_of___aldiv                               text50       01698
__end_of___aodiv                               text38       00BEE
__end_of___aomod                               text37       00AF7
__end_of___awdiv                               text49       01616
__end_of___lmul                                text48       01390
__end_of___wmul                                text47       0120B
__end_of__initialization                       cinit        0049D
__end_of_abs                                   text36       011BB
__end_of_dtoa                                  text30       00D3F
__end_of_fputc                                 text34       01430
__end_of_fputs                                 text33       00826
__end_of_init                                  text1        00947
__end_of_main                                  maintext     011EF
__end_of_memset                                text46       01800
__end_of_pad                                   text31       015C4
__end_of_printf                                text27       01158
__end_of_putch                                 text35       01045
__end_of_strlen                                text32       011D4
__end_of_vfpfcnvrt                             text29       00A18
__end_of_vfprintf                              text28       013F9
__initialization                               cinit        00443
__p_NVFlag_text                                _NVFlag_text 01FFF
__pbssBANK1                                    bssBANK1     000CB
__pbssBANK2                                    bssBANK2     00162
__pbssBANK3                                    bssBANK3     001A0
__pbssBANK4                                    bssBANK4     00220
__pbssBANK5                                    bssBANK5     002A0
__pbssBANK6                                    bssBANK6     00320
__pbssBANK7                                    bssBANK7     003A0
__pbssBANK8                                    bssBANK8     00420
__pbssBANK9                                    bssBANK9     004A0
__pbssCOMMON                                   bssCOMMON    00070
__pcstackBANK0                                 cstackBANK0  00020
__pcstackBANK1                                 cstackBANK1  000A0
__pcstackBANK2                                 cstackBANK2  00120
__pcstackCOMMON                                cstackCOMMON 00077
__pdataBANK4                                   dataBANK4    00260
__pidataBANK4                                  idataBANK4   010D3
__pintentry                                    intentry     00404
__pmaintext                                    maintext     011D4
__pnvBANK3                                     nvBANK3      001DF
__pstringtext1                                 stringtext1  01800
__pstringtext2                                 stringtext2  01822
__pstringtext3                                 stringtext3  00000
__ptext1                                       text1        0087B
__ptext10                                      text10       0146A
__ptext11                                      text11       01097
__ptext12                                      text12       0120B
__ptext13                                      text13       014E2
__ptext14                                      text14       0108E
__ptext15                                      text15       01085
__ptext16                                      text16       0107C
__ptext17                                      text17       01073
__ptext18                                      text18       0106A
__ptext19                                      text19       01061
__ptext2                                       text2        012A5
__ptext20                                      text20       01698
__ptext21                                      text21       00D3F
__ptext22                                      text22       010FB
__ptext23                                      text23       01430
__ptext24                                      text24       010DE
__ptext25                                      text25       012C6
__ptext26                                      text26       00E96
__ptext27                                      text27       01143
__ptext28                                      text28       013C4
__ptext29                                      text29       00947
__ptext3                                       text3        01036
__ptext30                                      text30       00BEE
__ptext31                                      text31       01574
__ptext32                                      text32       011BB
__ptext33                                      text33       00800
__ptext34                                      text34       013F9
__ptext35                                      text35       0103F
__ptext36                                      text36       011A2
__ptext37                                      text37       00A18
__ptext38                                      text38       00AF7
__ptext39                                      text39       010EC
__ptext4                                       text4        01059
__ptext40                                      text40       01246
__ptext41                                      text41       010C8
__ptext42                                      text42       01285
[...]
 Parameters:    Size  Location     Type
		None
 Auto vars:     Size  Location     Type
		None
 Return value:  Size  Location     Type
                  1    wreg      void 
 Registers used:
		wreg, fsr0l, fsr0h, fsr1l, fsr1h, status,2, status,0, pclath, cstack
 Tracked objects:
		On entry : 
		On exit  : 
		Unchanged: 
 Data sizes:     COMMON   BANK0   BANK1   BANK2   BANK3   BANK4   BANK5   BANK6   BANK7   BANK8   BANK9  BANK10  BANK11  BANK12
      Params:         0       0       0       0       0       0       0       0       0       0       0       0       0       0
      Locals:         0       0       0       0       0       0       0       0       0       0       0       0       0       0
      Temps:          4       0       0       0       0       0       0       0       0       0       0       0       0       0
      Totals:         4       0       0       0       0       0       0       0       0       0       0       0       0       0
Total ram usage:        4 bytes
 Hardware stack levels used:    1
 Hardware stack levels required when called:    1
 This function calls:
		_I2C1_FunctionComplete
		_I2C1_Stop
 This function is called by:
		_INTERRUPT_InterruptManager
 This function uses a non-reentrant model


 *************** function _I2C1_Stop *****************
 Defined at:
		line 583 in file "mcc_generated_files/i2c1.c"
 Parameters:    Size  Location     Type
  completion_c    1    wreg     enum E6644
 Auto vars:     Size  Location     Type
  completion_c    1    2[COMMON] enum E6644
 Return value:  Size  Location     Type
                  1    wreg      void 
 Registers used:
		wreg, fsr1l, fsr1h, status,2, status,0
 Tracked objects:
		On entry : 
		On exit  : 
		Unchanged: 
 Data sizes:     COMMON   BANK0   BANK1   BANK2   BANK3   BANK4   BANK5   BANK6   BANK7   BANK8   BANK9  BANK10  BANK11  BANK12
      Params:         0       0       0       0       0       0       0       0       0       0       0       0       0       0
      Locals:         1       0       0       0       0       0       0       0       0       0       0       0       0       0
      Temps:          2       0       0       0       0       0       0       0       0       0       0       0       0       0
      Totals:         3       0       0       0       0       0       0       0       0       0       0       0       0       0
Total ram usage:        3 bytes
 Hardware stack levels used:    1
 This function calls:
		Nothing
 This function is called by:
		_I2C1_ISR
 This function uses a non-reentrant model


 *************** function _I2C1_FunctionComplete *****************
 Defined at:
		line 565 in file "mcc_generated_files/i2c1.c"
 Parameters:    Size  Location     Type
		None
 Auto vars:     Size  Location     Type
		None
 Return value:  Size  Location     Type
                  1    wreg      void 
 Registers used:
		wreg, status,2, status,0
 Tracked objects:
		On entry : 
		On exit  : 
		Unchanged: 
 Data sizes:     COMMON   BANK0   BANK1   BANK2   BANK3   BANK4   BANK5   BANK6   BANK7   BANK8   BANK9  BANK10  BANK11  BANK12
      Params:         0       0       0       0       0       0       0       0       0       0       0       0       0       0
      Locals:         0       0       0       0       0       0       0       0       0       0       0       0       0       0
      Temps:          1       0       0       0       0       0       0       0       0       0       0       0       0       0
      Totals:         1       0       0       0       0       0       0       0       0       0       0       0       0       0
Total ram usage:        1 bytes
 Hardware stack levels used:    1
 This function calls:
		Nothing
 This function is called by:
		_I2C1_ISR
 This function uses a non-reentrant model


 *************** function _I2C1_BusCollisionISR *****************
 Defined at:
		line 742 in file "mcc_generated_files/i2c1.c"
 Parameters:    Size  Location     Type
		None
 Auto vars:     Size  Location     Type
		None
 Return value:  Size  Location     Type
                  1    wreg      void 
 Registers used:
		None
 Tracked objects:
		On entry : 
		On exit  : 
		Unchanged: 
 Data sizes:     COMMON   BANK0   BANK1   BANK2   BANK3   BANK4   BANK5   BANK6   BANK7   BANK8   BANK9  BANK10  BANK11  BANK12
      Params:         0       0       0       0       0       0       0       0       0       0       0       0       0       0
      Locals:         0       0       0       0       0       0       0       0       0       0       0       0       0       0
      Temps:          0       0       0       0       0       0       0       0       0       0       0       0       0       0
      Totals:         0       0       0       0       0       0       0       0       0       0       0       0       0       0
Total ram usage:        0 bytes
 Hardware stack levels used:    1
 This function calls:
		Nothing
 This function is called by:
		_INTERRUPT_InterruptManager
 This function uses a non-reentrant model


 *************** function _EUSART_Transmit_ISR *****************
 Defined at:
		line 221 in file "mcc_generated_files/eusart.c"
 Parameters:    Size  Location     Type
		None
 Auto vars:     Size  Location     Type
		None
 Return value:  Size  Location     Type
                  1    wreg      void 
 Registers used:
		wreg, fsr1l, fsr1h, status,2, status,0
 Tracked objects:
		On entry : 
		On exit  : 
		Unchanged: 
 Data sizes:     COMMON   BANK0   BANK1   BANK2   BANK3   BANK4   BANK5   BANK6   BANK7   BANK8   BANK9  BANK10  BANK11  BANK12
      Params:         0       0       0       0       0       0       0       0       0       0       0       0       0       0
      Locals:         0       0       0       0       0       0       0       0       0       0       0       0       0       0
      Temps:          1       0       0       0       0       0       0       0       0       0       0       0       0       0
      Totals:         1       0       0       0       0       0       0       0       0       0       0       0       0       0
Total ram usage:        1 bytes
 Hardware stack levels used:    1
 This function calls:
		Nothing
 This function is called by:
		_EUSART_Initialize
		_INTERRUPT_InterruptManager
 This function uses a non-reentrant model


 *************** function _EUSART_Receive_ISR *****************
 Defined at:
		line 240 in file "mcc_generated_files/eusart.c"
 Parameters:    Size  Location     Type
		None
 Auto vars:     Size  Location     Type
		None
 Return value:  Size  Location     Type
                  1    wreg      void 
 Registers used:
		wreg, fsr1l, fsr1h, status,2, status,0, pclath, cstack
 Tracked objects:
		On entry : 
		On exit  : 
		Unchanged: 
 Data sizes:     COMMON   BANK0   BANK1   BANK2   BANK3   BANK4   BANK5   BANK6   BANK7   BANK8   BANK9  BANK10  BANK11  BANK12
      Params:         0       0       0       0       0       0       0       0       0       0       0       0       0       0
      Locals:         0       0       0       0       0       0       0       0       0       0       0       0       0       0
      Temps:          0       0       0       0       0       0       0       0       0       0       0       0       0       0
      Totals:         0       0       0       0       0       0       0       0       0       0       0       0       0       0
Total ram usage:        0 bytes
 Hardware stack levels used:    1
 Hardware stack levels required when called:    2
 This function calls:
		Absolute function
		_EUSART_DefaultErrorHandler
		_EUSART_DefaultFramingErrorHandler
		_EUSART_DefaultOverrunErrorHandler
		_EUSART_RxDataHandler
 This function is called by:
		_EUSART_Initialize
		_INTERRUPT_InterruptManager
 This function uses a non-reentrant model


 *************** function _EUSART_DefaultOverrunErrorHandler *****************
 Defined at:
		line 276 in file "mcc_generated_files/eusart.c"
 Parameters:    Size  Location     Type
		None
 Auto vars:     Size  Location     Type
		None
 Return value:  Size  Location     Type
                  1    wreg      void 
 Registers used:
		None
 Tracked objects:
		On entry : 
		On exit  : 
		Unchanged: 
 Data sizes:     COMMON   BANK0   BANK1   BANK2   BANK3   BANK4   BANK5   BANK6   BANK7   BANK8   BANK9  BANK10  BANK11  BANK12
      Params:         0       0       0       0       0       0       0       0       0       0       0       0       0       0
      Locals:         0       0       0       0       0       0       0       0       0       0       0       0       0       0
      Temps:          0       0       0       0       0       0       0       0       0       0       0       0       0       0
      Totals:         0       0       0       0       0       0       0       0       0       0       0       0       0       0
Total ram usage:        0 bytes
 Hardware stack levels used:    1
 This function calls:
		Nothing
 This function is called by:
		_EUSART_Initialize
		_EUSART_Receive_ISR
 This function uses a non-reentrant model


 *************** function _EUSART_DefaultFramingErrorHandler *****************
 Defined at:
		line 274 in file "mcc_generated_files/eusart.c"
 Parameters:    Size  Location     Type
		None
 Auto vars:     Size  Location     Type
		None
 Return value:  Size  Location     Type
                  1    wreg      void 
 Registers used:
		None
 Tracked objects:
		On entry : 
		On exit  : 
		Unchanged: 
 Data sizes:     COMMON   BANK0   BANK1   BANK2   BANK3   BANK4   BANK5   BANK6   BANK7   BANK8   BANK9  BANK10  BANK11  BANK12
      Params:         0       0       0       0       0       0       0       0       0       0       0       0       0       0
      Locals:         0       0       0       0       0       0       0       0       0       0       0       0       0       0
      Temps:          0       0       0       0       0       0       0       0       0       0       0       0       0       0
      Totals:         0       0       0       0       0       0       0       0       0       0       0       0       0       0
Total ram usage:        0 bytes
 Hardware stack levels used:    1
 This function calls:
		Nothing
 This function is called by:
		_EUSART_Initialize
		_EUSART_Receive_ISR
 This function uses a non-reentrant model


 *************** function _EUSART_DefaultErrorHandler *****************
 Defined at:
		line 284 in file "mcc_generated_files/eusart.c"
 Parameters:    Size  Location     Type
		None
 Auto vars:     Size  Location     Type
		None
 Return value:  Size  Location     Type
                  1    wreg      void 
 Registers used:
		wreg, fsr1l, fsr1h, status,2, status,0, pclath, cstack
 Tracked objects:
		On entry : 
		On exit  : 
		Unchanged: 
 Data sizes:     COMMON   BANK0   BANK1   BANK2   BANK3   BANK4   BANK5   BANK6   BANK7   BANK8   BANK9  BANK10  BANK11  BANK12
      Params:         0       0       0       0       0       0       0       0       0       0       0       0       0       0
      Locals:         0       0       0       0       0       0       0       0       0       0       0       0       0       0
      Temps:          0       0       0       0       0       0       0       0       0       0       0       0       0       0
      Totals:         0       0       0       0       0       0       0       0       0       0       0       0       0       0
Total ram usage:        0 bytes
 Hardware stack levels used:    1
 Hardware stack levels required when called:    1
 This function calls:
		_EUSART_RxDataHandler
 This function is called by:
		_EUSART_Initialize
		_EUSART_Receive_ISR
 This function uses a non-reentrant model


 *************** function _EUSART_RxDataHandler *****************
 Defined at:
		line 264 in file "mcc_generated_files/eusart.c"
 Parameters:    Size  Location     Type
		None
 Auto vars:     Size  Location     Type
		None
 Return value:  Size  Location     Type
                  1    wreg      void 
 Registers used:
		wreg, fsr1l, fsr1h, status,2, status,0
 Tracked objects:
		On entry : 
		On exit  : 
		Unchanged: 
 Data sizes:     COMMON   BANK0   BANK1   BANK2   BANK3   BANK4   BANK5   BANK6   BANK7   BANK8   BANK9  BANK10  BANK11  BANK12
      Params:         0       0       0       0       0       0       0       0       0       0       0       0       0       0
      Locals:         0       0       0       0       0       0       0       0       0       0       0       0       0       0
      Temps:          1       0       0       0       0       0       0       0       0       0       0       0       0       0
      Totals:         1       0       0       0       0       0       0       0       0       0       0       0       0       0
Total ram usage:        1 bytes
 Hardware stack levels used:    1
 This function calls:
		Nothing
 This function is called by:
		_EUSART_Receive_ISR
		_EUSART_DefaultErrorHandler
 This function uses a non-reentrant model



MODULE INFORMATION

Module		Function		Class		Link	Load	Size
C:\Program Files (x86)\Microchip\xc8\v2.05\pic\sources\c99\common\Umul32.c
		___lmul        		CODE           	1360	0000	49

C:\Program Files (x86)\Microchip\xc8\v2.05\pic\sources\c99\common\Umul32.c estimated size: 49

C:\Program Files (x86)\Microchip\xc8\v2.05\pic\sources\c99\common\printf.c
		_printf        		CODE           	1143	0000	22

C:\Program Files (x86)\Microchip\xc8\v2.05\pic\sources\c99\common\printf.c estimated size: 22

mcc_generated_files/pwm6.c
		_PWM6_LoadDutyValue		CODE           	1189	0000	26
		_PWM6_Initialize		CODE           	10B3	0000	11

mcc_generated_files/pwm6.c estimated size: 37

mcc_generated_files/tmr2.c
		_TMR2_Initialize		CODE           	1059	0000	9

mcc_generated_files/tmr2.c estimated size: 9

mcc_generated_files/interrupt_manager.c
		_INTERRUPT_InterruptManager		CODE           	0404	0000	62

mcc_generated_files/interrupt_manager.c estimated size: 62

mcc_generated_files/tmr0.c
		_TMR0_SetInterruptHandler		CODE           	10A0	0000	10
		_TMR0_DefaultInterruptHandler		CODE           	07FF	0000	2
		_TMR0_CallBack 		CODE           	10BD	0000	12
		_TMR0_ISR      		CODE           	111B	0000	21
		_TMR0_Initialize		CODE           	112F	0000	21

mcc_generated_files/tmr0.c estimated size: 66

C:\Program Files (x86)\Microchip\xc8\v2.05\pic\sources\c99\common\nf_fputc.c
		_fputc         		CODE           	13F9	0000	56

C:\Program Files (x86)\Microchip\xc8\v2.05\pic\sources\c99\common\nf_fputc.c estimated size: 56

mcc_generated_files/i2c1.c
		_I2C1_BusCollisionISR		CODE           	102F	0000	4
		_I2C1_FunctionComplete		CODE           	110A	0000	18
		_I2C1_MasterWriteTRBBuild		CODE           	12E8	0000	38
		_I2C1_ISR      		CODE           	069E	0000	354
		_I2C1_Initialize		CODE           	120B	0000	30
		_I2C1_Stop     		CODE           	1228	0000	31
		_I2C1_MasterReadTRBBuild		CODE           	1334	0000	45
		_I2C1_WaitForLastPacketToComplete		CODE           	103A	0000	6
		_I2C1_MasterTRBInsert		CODE           	0826	0000	86

mcc_generated_files/i2c1.c estimated size: 612

mcc_generated_files/pin_manager.c
		_PIN_MANAGER_Initialize		CODE           	146A	0000	60

mcc_generated_files/pin_manager.c estimated size: 60

C:\Program Files (x86)\Microchip\xc8\v2.05\pic\sources\c99\common\aodiv.c
		___aodiv       		CODE           	0AF7	0000	248

C:\Program Files (x86)\Microchip\xc8\v2.05\pic\sources\c99\common\aodiv.c estimated size: 248

C:\Program Files (x86)\Microchip\xc8\v2.05\pic\sources\c99\common\strlen.c
		_strlen        		CODE           	11BB	0000	26

C:\Program Files (x86)\Microchip\xc8\v2.05\pic\sources\c99\common\strlen.c estimated size: 26

mcc_generated_files/adc.c
		_ADC_Initialize		CODE           	1061	0000	10
		_ADC_GetConversion		CODE           	1246	0000	32

mcc_generated_files/adc.c estimated size: 42

C:\Program Files (x86)\Microchip\xc8\v2.05\pic\sources\c99\common\awdiv.c
		___awdiv       		CODE           	15C4	0000	83

C:\Program Files (x86)\Microchip\xc8\v2.05\pic\sources\c99\common\awdiv.c estimated size: 83

C:\Program Files (x86)\Microchip\xc8\v2.05\pic\sources\c99\common\memset.c
		_memset        		CODE           	1744	0000	189

C:\Program Files (x86)\Microchip\xc8\v2.05\pic\sources\c99\common\memset.c estimated size: 189

C:\Program Files (x86)\Microchip\xc8\v2.05\pic\sources\c99\common\aldiv.c
		___aldiv       		CODE           	1616	0000	131

C:\Program Files (x86)\Microchip\xc8\v2.05\pic\sources\c99\common\aldiv.c estimated size: 131

C:\Program Files (x86)\Microchip\xc8\v2.05\pic\sources\c99\common\doprnt.c
		_vfpfcnvrt     		CODE           	0947	0000	210
		_pad           		CODE           	1574	0000	81
		_dtoa          		CODE           	0BEE	0000	338
		_vfprintf      		CODE           	13C4	0000	54

C:\Program Files (x86)\Microchip\xc8\v2.05\pic\sources\c99\common\doprnt.c estimated size: 683

shared
		_NVFlag        		STRCODE        	1FFF	0000	2
		__initialization		CODE           	0443	0000	91

shared estimated size: 93

mcc_generated_files/pwm5.c
		_PWM5_LoadDutyValue		CODE           	1170	0000	26
		_PWM5_Initialize		CODE           	10A9	0000	11

mcc_generated_files/pwm5.c estimated size: 37

mcc_generated_files/mcc.c
		_WDT_Initialize		CODE           	1036	0000	5
		_PMD_Initialize		CODE           	1051	0000	9
		_OSCILLATOR_Initialize		CODE           	1097	0000	10
		_SYSTEM_Initialize		CODE           	12A5	0000	34

mcc_generated_files/mcc.c estimated size: 58

C:\Program Files (x86)\Microchip\xc8\v2.05\pic\sources\c99\common\Umul16.c
		___wmul        		CODE           	11EF	0000	29

C:\Program Files (x86)\Microchip\xc8\v2.05\pic\sources\c99\common\Umul16.c estimated size: 29

C:\Program Files (x86)\Microchip\xc8\v2.05\pic\sources\c99\common\abs.c
		_abs           		CODE           	11A2	0000	26

C:\Program Files (x86)\Microchip\xc8\v2.05\pic\sources\c99\common\abs.c estimated size: 26

mcc_generated_files/memory.c
		_DATAEE_WriteByte		CODE           	12C6	0000	35
		_DATAEE_ReadByte		CODE           	10EC	0000	16

mcc_generated_files/memory.c estimated size: 51

C:\Program Files (x86)\Microchip\xc8\v2.05\pic\sources\c99\common\nf_fputs.c
		_fputs         		CODE           	0800	0000	39

C:\Program Files (x86)\Microchip\xc8\v2.05\pic\sources\c99\common\nf_fputs.c estimated size: 39

mcc_generated_files/eusart.c
		_EUSART_SetRxInterruptHandler		CODE           	1085	0000	10
		_EUSART_SetTxInterruptHandler		CODE           	108E	0000	10
		_putch         		CODE           	103F	0000	7
		_EUSART_DefaultOverrunErrorHandler		CODE           	1032	0000	5
		_EUSART_Write  		CODE           	130D	0000	40
		_EUSART_Read_N 		CODE           	14A5	0000	62
		_EUSART_DefaultErrorHandler		CODE           	102C	0000	4
		_EUSART_Transmit_ISR		CODE           	1265	0000	33
		_EUSART_Initialize		CODE           	14E2	0000	72
		_EUSART_SetFramingErrorHandler		CODE           	1073	0000	10
		_EUSART_SetErrorHandler		CODE           	106A	0000	10
		_EUSART_SetOverrunErrorHandler		CODE           	107C	0000	10
		_EUSART_Receive_ISR		CODE           	1390	0000	53
		_EUSART_RxDataHandler		CODE           	1158	0000	25
		_EUSART_DefaultFramingErrorHandler		CODE           	0403	0000	2

mcc_generated_files/eusart.c estimated size: 353

main.c
		_Handler_I2c   		CODE           	04A1	0000	510
		_init          		CODE           	087B	0000	205
		_UartResponse_Err		CODE           	10C8	0000	12
		_Handler_Uart  		CODE           	1698	0000	173
		_UART_Write_Buffer		CODE           	1285	0000	33
		_Signal_BL_Requested		CODE           	10FB	0000	16
		_main          		CODE           	11D4	0000	28
		_EraseResetVector		CODE           	10DE	0000	15
		_I2C1_WBlk     		CODE           	1430	0000	59
		_UartResponse_ReadCmd		CODE           	0E96	0000	363
		_UartResponse_WriteCmd		CODE           	0D3F	0000	344
		_I2C1_RBlk     		CODE           	1529	0000	76

main.c estimated size: 1834

C:\Program Files (x86)\Microchip\xc8\v2.05\pic\sources\c99\common\aomod.c
		___aomod       		CODE           	0A18	0000	224

C:\Program Files (x86)\Microchip\xc8\v2.05\pic\sources\c99\common\aomod.c estimated size: 224

